// Jest Snapshot v1, https://goo.gl/fbAQLP

exports[`Index page should match the snapshot 1`] = `
<main>
  <h2
    class="chakra-heading css-8iifz"
  >
    Next SpaceX Launch: 
    Mission Name
  </h2>
  <div
    class="css-16lufbi"
  >
    <p
      class="chakra-text css-1u8qly9"
    >
      Falcon 9
       will take off from 
      Kennedy Space Center
       on 
      Sun Nov 15 2020
    </p>
  </div>
</main>
`;
